0.02 ./235
1.55 ./64bit
0.48 ./append
0.06 ./args
0.04 ./assign
0.05 ./assign1
0.05 ./bigalg
0.04 ./bigmap
0.13 ./blank
0.04 ./blank1
0.04 ./chancap
0.05 ./char_lit
0.03 ./char_lit1
0.06 ./closedchan
0.03 ./closure
0.03 ./cmp1
0.02 ./cmp2
0.03 ./cmp3
0.04 ./cmp4
0.04 ./cmp5
0.03 ./cmp6
0.03 ./cmplx
0.69 ./cmplxdivide
0.00 ./cmplxdivide1
0.02 ./complit
0.04 ./compos
0.04 ./const
0.04 ./const1
0.03 ./const2
0.12 ./const3
0.11 ./convert
0.04 ./convert3
0.05 ./convlit
0.03 ./convlit1
0.30 ./copy
0.04 ./ddd
0.04 ./ddd1
0.00 ./ddd2
0.05 ./ddd3
0.04 ./decl
0.04 ./declbad
0.14 ./defer
0.04 ./deferprint
0.14 ./divide
0.01 ./empty
0.05 ./env
0.00 ./eof
0.01 ./eof1
0.04 ./escape
0.03 ./float_lit
0.13 ./floatcmp
0.04 ./for
0.03 ./func
0.03 ./func1
0.01 ./func2
0.03 ./func3
0.02 ./func4
0.04 ./func5
0.01 ./func6
0.03 ./func7
0.05 ./gc
0.05 ./gc1
0.20 ./gc2
0.09 ./goprint
0.05 ./goto
0.05 ./hashmap
0.04 ./helloworld
0.04 ./if
0.02 ./import
0.14 ./import1
0.00 ./import2
0.00 ./import3
0.15 ./import4
1.41 ./index
0.02 ./indirect
0.04 ./indirect1
0.04 ./init
0.05 ./initcomma
0.13 ./initialize
0.03 ./initializerr
0.09 ./initsyscall
0.06 ./int_lit
0.04 ./intcvt
0.04 ./iota
0.04 ./label
0.03 ./label1
0.04 ./literal
0.14 ./malloc1
0.45 ./mallocfin
0.18 ./mallocrand
0.20 ./mallocrep
0.89 ./mallocrep1
0.16 ./map
0.04 ./method
0.03 ./method1
0.03 ./method2
0.04 ./method3
0.04 ./named
0.04 ./named1
0.18 ./nil
0.16 ./nul1
0.01 ./parentype
0.13 ./peano
0.03 ./printbig
0.05 ./range
0.04 ./recover
0.05 ./recover1
0.07 ./recover2
0.08 ./recover3
0.14 ./rename
0.04 ./rename1
0.05 ./runtime
0.04 ./shift1
0.01 ./shift2
0.03 ./sieve
0.07 ./sigchld
0.04 ./simassign
0.02 ./sinit
0.01 ./sizeof
0.04 ./solitaire
0.07 ./stack
0.05 ./string_lit
0.15 ./stringrange
0.04 ./switch
0.04 ./switch1
0.04 ./test0
0.04 ./turing
0.07 ./typeswitch
0.12 ./typeswitch1
0.03 ./typeswitch2
0.02 ./undef
0.07 ./utf
0.03 ./varerr
0.04 ./varinit
0.04 ./vectors
0.23 ./zerodivide
0.04 ken/array
0.09 ken/chan
0.03 ken/chan1
0.04 ken/complit
0.09 ken/convert
0.04 ken/cplx0
0.04 ken/cplx1
0.06 ken/cplx2
0.10 ken/cplx3
0.12 ken/cplx4
0.04 ken/cplx5
0.38 ken/divconst
0.06 ken/divmod
0.03 ken/embed
0.02 ken/for
0.03 ken/interbasic
0.02 ken/interfun
0.03 ken/intervar
0.02 ken/label
0.20 ken/litfun
0.04 ken/mfunc
0.44 ken/modconst
0.04 ken/ptrfun
0.03 ken/ptrvar
0.03 ken/range
0.04 ken/rob1
0.06 ken/rob2
0.04 ken/robfor
0.04 ken/robfunc
0.04 ken/shift
0.04 ken/simparray
0.05 ken/simpbool
0.03 ken/simpconv
0.04 ken/simpfun
0.04 ken/simpprint
0.04 ken/simpswitch
0.05 ken/simpvar
0.04 ken/slicearray
0.04 ken/sliceslice
0.04 ken/string
0.04 ken/strvar
0.30 chan/doubleselect
0.07 chan/fifo
0.12 chan/goroutines
0.11 chan/nonblock
0.04 chan/perm
0.07 chan/powser1
0.10 chan/powser2
0.04 chan/select
0.14 chan/select2
1.02 chan/select3
0.02 chan/select4
3.42 chan/select5
0.04 chan/select6
0.05 chan/sendstmt
0.04 chan/sieve1
0.06 chan/sieve2
0.04 chan/zerosize
0.04 interface/bigdata
0.05 interface/convert
0.04 interface/convert1
0.04 interface/convert2
0.05 interface/embed
0.00 interface/embed0
0.05 interface/embed1
0.03 interface/embed2
0.04 interface/explicit
0.04 interface/fail
0.12 interface/fake
0.04 interface/pointer
0.05 interface/private
0.00 interface/private1
0.03 interface/receiver
0.04 interface/receiver1
0.01 interface/recursive
0.04 interface/returntype
0.05 interface/struct
0.04 nilptr/arrayindex
0.14 nilptr/arrayindex1
0.15 nilptr/arraytoslice
0.15 nilptr/arraytoslice1
0.17 nilptr/arraytoslice2
0.15 nilptr/slicearray
0.14 nilptr/structfield
0.15 nilptr/structfield1
0.15 nilptr/structfield2
0.16 nilptr/structfieldaddr
0.04 syntax/chan
0.04 syntax/chan1
0.03 syntax/forvar
0.03 syntax/if
0.03 syntax/import
0.04 syntax/interface
0.04 syntax/semi1
0.03 syntax/semi2
0.03 syntax/semi3
0.03 syntax/semi4
0.03 syntax/semi5
0.03 syntax/semi6
0.03 syntax/semi7
0.04 syntax/topexpr
0.05 syntax/typesw
0.05 syntax/vareq
0.03 syntax/vareq1
0.04 dwarf/linedirectives
0.04 dwarf/main
0.00 dwarf/z1
0.00 dwarf/z10
0.00 dwarf/z11
0.00 dwarf/z12
0.00 dwarf/z13
0.00 dwarf/z14
0.00 dwarf/z15
0.00 dwarf/z16
0.00 dwarf/z17
0.00 dwarf/z18
0.00 dwarf/z19
0.00 dwarf/z2
0.00 dwarf/z20
0.00 dwarf/z3
0.00 dwarf/z4
0.00 dwarf/z5
0.00 dwarf/z6
0.00 dwarf/z7
0.00 dwarf/z8
0.00 dwarf/z9
0.05 fixedbugs/bug000
0.03 fixedbugs/bug002
0.05 fixedbugs/bug003
0.04 fixedbugs/bug004
0.04 fixedbugs/bug005
0.06 fixedbugs/bug006
0.03 fixedbugs/bug007
0.03 fixedbugs/bug008
0.03 fixedbugs/bug009
0.04 fixedbugs/bug010
0.03 fixedbugs/bug011
0.04 fixedbugs/bug012
0.04 fixedbugs/bug013
0.04 fixedbugs/bug014
0.04 fixedbugs/bug015
0.04 fixedbugs/bug016
0.04 fixedbugs/bug017
0.01 fixedbugs/bug020
0.04 fixedbugs/bug021
0.04 fixedbugs/bug022
0.05 fixedbugs/bug023
0.04 fixedbugs/bug024
0.04 fixedbugs/bug026
0.04 fixedbugs/bug027
0.03 fixedbugs/bug028
0.04 fixedbugs/bug030
0.04 fixedbugs/bug031
0.04 fixedbugs/bug035
0.01 fixedbugs/bug036
0.04 fixedbugs/bug037
0.01 fixedbugs/bug038
0.03 fixedbugs/bug039
0.01 fixedbugs/bug040
0.04 fixedbugs/bug045
0.03 fixedbugs/bug046
0.04 fixedbugs/bug047
0.03 fixedbugs/bug048
0.03 fixedbugs/bug049
0.04 fixedbugs/bug050
0.04 fixedbugs/bug051
0.04 fixedbugs/bug052
0.04 fixedbugs/bug053
0.04 fixedbugs/bug054
0.04 fixedbugs/bug055
0.03 fixedbugs/bug056
0.01 fixedbugs/bug057
0.04 fixedbugs/bug058
0.06 fixedbugs/bug059
0.06 fixedbugs/bug060
0.03 fixedbugs/bug061
0.04 fixedbugs/bug062
0.01 fixedbugs/bug063
0.00 fixedbugs/bug064
0.04 fixedbugs/bug065
0.01 fixedbugs/bug066
0.04 fixedbugs/bug067
0.04 fixedbugs/bug068
0.01 fixedbugs/bug069
0.04 fixedbugs/bug070
0.01 fixedbugs/bug071
0.03 fixedbugs/bug072
0.03 fixedbugs/bug073
0.04 fixedbugs/bug074
0.04 fixedbugs/bug075
0.03 fixedbugs/bug076
0.01 fixedbugs/bug077
0.03 fixedbugs/bug078
0.01 fixedbugs/bug080
0.04 fixedbugs/bug081
0.03 fixedbugs/bug082
0.05 fixedbugs/bug083
0.04 fixedbugs/bug084
0.04 fixedbugs/bug085
0.03 fixedbugs/bug086
0.01 fixedbugs/bug087
0.01 fixedbugs/bug088
0.01 fixedbugs/bug089
0.03 fixedbugs/bug090
0.02 fixedbugs/bug091
0.03 fixedbugs/bug092
0.05 fixedbugs/bug093
0.01 fixedbugs/bug094
0.01 fixedbugs/bug096
0.03 fixedbugs/bug097
0.00 fixedbugs/bug098
0.03 fixedbugs/bug099
0.03 fixedbugs/bug101
0.04 fixedbugs/bug102
0.03 fixedbugs/bug103
0.04 fixedbugs/bug104
0.01 fixedbugs/bug106
0.03 fixedbugs/bug107
0.04 fixedbugs/bug108
0.01 fixedbugs/bug109
0.04 fixedbugs/bug110
0.02 fixedbugs/bug111
0.00 fixedbugs/bug112
0.04 fixedbugs/bug113
0.04 fixedbugs/bug114
0.01 fixedbugs/bug115
0.04 fixedbugs/bug116
0.03 fixedbugs/bug117
0.01 fixedbugs/bug118
0.03 fixedbugs/bug119
0.09 fixedbugs/bug120
0.03 fixedbugs/bug121
0.03 fixedbugs/bug122
0.04 fixedbugs/bug123
0.03 fixedbugs/bug126
0.04 fixedbugs/bug127
0.04 fixedbugs/bug128
0.01 fixedbugs/bug129
0.06 fixedbugs/bug130
0.03 fixedbugs/bug131
0.03 fixedbugs/bug132
0.04 fixedbugs/bug133
0.01 fixedbugs/bug135
0.03 fixedbugs/bug136
0.01 fixedbugs/bug137
0.01 fixedbugs/bug139
0.01 fixedbugs/bug140
0.06 fixedbugs/bug141
0.04 fixedbugs/bug142
0.01 fixedbugs/bug143
0.01 fixedbugs/bug144
0.01 fixedbugs/bug145
0.04 fixedbugs/bug146
0.10 fixedbugs/bug147
0.04 fixedbugs/bug148
0.00 fixedbugs/bug149
0.01 fixedbugs/bug150
0.01 fixedbugs/bug151
0.04 fixedbugs/bug1515
0.04 fixedbugs/bug152
0.14 fixedbugs/bug154
0.04 fixedbugs/bug155
0.01 fixedbugs/bug156
0.01 fixedbugs/bug157
0.01 fixedbugs/bug158
0.06 fixedbugs/bug159
0.07 fixedbugs/bug160
0.01 fixedbugs/bug161
0.03 fixedbugs/bug163
0.01 fixedbugs/bug164
0.03 fixedbugs/bug165
0.04 fixedbugs/bug167
0.03 fixedbugs/bug168
0.03 fixedbugs/bug169
0.04 fixedbugs/bug170
0.04 fixedbugs/bug171
0.02 fixedbugs/bug172
0.01 fixedbugs/bug173
0.01 fixedbugs/bug174
0.04 fixedbugs/bug175
0.03 fixedbugs/bug176
0.11 fixedbugs/bug177
0.04 fixedbugs/bug178
0.03 fixedbugs/bug179
0.04 fixedbugs/bug180
0.03 fixedbugs/bug181
0.04 fixedbugs/bug182
0.03 fixedbugs/bug183
0.12 fixedbugs/bug184
0.03 fixedbugs/bug185
0.04 fixedbugs/bug186
0.06 fixedbugs/bug187
0.03 fixedbugs/bug188
0.04 fixedbugs/bug189
0.01 fixedbugs/bug190
0.05 fixedbugs/bug191
0.04 fixedbugs/bug192
0.04 fixedbugs/bug193
0.04 fixedbugs/bug194
0.03 fixedbugs/bug195
0.05 fixedbugs/bug196
0.04 fixedbugs/bug197
0.03 fixedbugs/bug198
0.03 fixedbugs/bug199
0.04 fixedbugs/bug200
0.05 fixedbugs/bug201
0.03 fixedbugs/bug202
0.04 fixedbugs/bug203
0.03 fixedbugs/bug204
0.04 fixedbugs/bug205
0.14 fixedbugs/bug206
0.14 fixedbugs/bug207
0.03 fixedbugs/bug208
0.03 fixedbugs/bug209
0.03 fixedbugs/bug211
0.03 fixedbugs/bug212
0.04 fixedbugs/bug213
0.01 fixedbugs/bug214
0.04 fixedbugs/bug215
0.00 fixedbugs/bug216
0.03 fixedbugs/bug217
0.01 fixedbugs/bug218
0.01 fixedbugs/bug219
0.01 fixedbugs/bug220
0.04 fixedbugs/bug221
0.01 fixedbugs/bug222
0.01 fixedbugs/bug223
0.04 fixedbugs/bug224
0.04 fixedbugs/bug225
0.04 fixedbugs/bug226
0.04 fixedbugs/bug227
0.04 fixedbugs/bug228
0.03 fixedbugs/bug229
0.04 fixedbugs/bug230
0.04 fixedbugs/bug231
0.01 fixedbugs/bug232
0.01 fixedbugs/bug233
0.04 fixedbugs/bug234
0.01 fixedbugs/bug235
0.04 fixedbugs/bug236
0.14 fixedbugs/bug237
0.02 fixedbugs/bug238
0.01 fixedbugs/bug239
0.04 fixedbugs/bug240
0.04 fixedbugs/bug241
0.05 fixedbugs/bug242
0.06 fixedbugs/bug243
0.04 fixedbugs/bug244
0.01 fixedbugs/bug245
0.05 fixedbugs/bug246
0.02 fixedbugs/bug247
0.14 fixedbugs/bug248
0.03 fixedbugs/bug249
0.01 fixedbugs/bug250
0.04 fixedbugs/bug251
0.04 fixedbugs/bug252
0.04 fixedbugs/bug253
0.04 fixedbugs/bug254
0.04 fixedbugs/bug255
0.04 fixedbugs/bug256
0.41 fixedbugs/bug257
0.13 fixedbugs/bug258
0.13 fixedbugs/bug259
0.13 fixedbugs/bug260
0.03 fixedbugs/bug261
0.08 fixedbugs/bug262
0.04 fixedbugs/bug263
0.04 fixedbugs/bug264
0.04 fixedbugs/bug265
0.04 fixedbugs/bug266
0.00 fixedbugs/bug267
0.04 fixedbugs/bug268
0.04 fixedbugs/bug269
0.01 fixedbugs/bug270
0.13 fixedbugs/bug271
0.04 fixedbugs/bug272
0.04 fixedbugs/bug273
0.04 fixedbugs/bug274
0.01 fixedbugs/bug275
0.04 fixedbugs/bug276
0.01 fixedbugs/bug277
0.03 fixedbugs/bug278
0.04 fixedbugs/bug279
0.03 fixedbugs/bug280
0.04 fixedbugs/bug281
0.01 fixedbugs/bug282
0.01 fixedbugs/bug283
0.04 fixedbugs/bug284
0.05 fixedbugs/bug285
0.04 fixedbugs/bug286
0.04 fixedbugs/bug287
0.01 fixedbugs/bug288
0.04 fixedbugs/bug289
0.04 fixedbugs/bug290
0.05 fixedbugs/bug291
0.03 fixedbugs/bug292
0.03 fixedbugs/bug293
0.03 fixedbugs/bug294
0.13 fixedbugs/bug295
0.05 fixedbugs/bug296
0.03 fixedbugs/bug297
0.04 fixedbugs/bug298
0.04 fixedbugs/bug299
0.04 fixedbugs/bug300
0.01 fixedbugs/bug301
0.04 fixedbugs/bug302
0.08 fixedbugs/bug303
0.00 fixedbugs/bug304
0.03 fixedbugs/bug305
0.01 fixedbugs/bug306
0.00 fixedbugs/bug307
0.02 fixedbugs/bug308
0.01 fixedbugs/bug309
0.04 fixedbugs/bug310
0.04 fixedbugs/bug311
0.04 fixedbugs/bug312
0.05 fixedbugs/bug313
0.04 fixedbugs/bug314
0.01 fixedbugs/bug315
0.01 fixedbugs/bug316
0.04 fixedbugs/bug317
0.03 fixedbugs/bug318
0.01 fixedbugs/bug319
0.04 fixedbugs/bug320
0.14 fixedbugs/bug321
0.05 fixedbugs/bug322
0.04 fixedbugs/bug323
0.04 fixedbugs/bug324
0.04 fixedbugs/bug325
0.02 fixedbugs/bug326
0.02 fixedbugs/bug327
0.04 fixedbugs/bug328
0.04 fixedbugs/bug329
0.03 fixedbugs/bug330
0.07 fixedbugs/bug331
0.03 fixedbugs/bug332
0.04 fixedbugs/bug333
0.00 fixedbugs/bug334
0.02 fixedbugs/bug335
0.04 fixedbugs/bug336
0.04 fixedbugs/bug337
0.01 fixedbugs/bug338
0.04 fixedbugs/bug339
0.04 fixedbugs/bug340
0.05 fixedbugs/bug341
0.04 fixedbugs/bug342
0.05 fixedbugs/bug343
0.03 fixedbugs/bug344
0.03 fixedbugs/bug345
0.05 fixedbugs/bug346
0.09 fixedbugs/bug347
0.08 fixedbugs/bug348
0.02 fixedbugs/bug349
0.04 fixedbugs/bug350
0.04 fixedbugs/bug351
0.04 fixedbugs/bug352
0.04 fixedbugs/bug353
0.01 fixedbugs/bug354
0.04 fixedbugs/bug355
0.04 fixedbugs/bug356
0.02 fixedbugs/bug357
0.05 fixedbugs/bug358
0.02 fixedbugs/bug359
0.01 fixedbugs/bug361
0.03 fixedbugs/bug362
0.04 fixedbugs/bug363
0.00 fixedbugs/bug364
0.02 fixedbugs/bug365
